
> mess-app@0.1.0 build
> next build

node.exe : [baseline-browser-mapping] The data 
in this module is over two months old.  To 
ensure accurate Baseline data, please update: 
`npm i baseline-browser-mapping@latest -D`
At line:1 char:1
+ & "C:\Program Files\nodejs/node.exe" 
"C:\Program Files\nodejs/node_mo ...
+ ~~~~~~~~~~~~~~~~~~~~~~~~~~~~~~~~~~~~~~~~~~~~~~~
~~~~~~~~~~~~~~~~~~~~~~
    + CategoryInfo          : NotSpecified: ([ba 
   seline-brows...ping@latest -D`:String) [], R  
  emoteException
    + FullyQualifiedErrorId : NativeCommandError
 
 ΓÜá Warning: Next.js inferred your workspace 
root, but it may not be correct.
 We detected multiple lockfiles and selected the 
directory of C:\Users\Mahab\package-lock.json as 
the root directory.
 To silence this warning, set `turbopack.root` 
in your Next.js config, or consider removing one 
of the lockfiles if it's not needed.
   See https://nextjs.org/docs/app/api-reference/
config/next-config-js/turbopack#root-directory 
for more information.
 Detected additional lockfiles: 
   * C:\Users\Mahab\OneDrive\Documents\mess 
project 2\package-lock.json

   Γû▓ Next.js 16.0.5 (Turbopack)

   Creating an optimized production build ...
[baseline-browser-mapping] The data in this 
module is over two months old.  To ensure 
accurate Baseline data, please update: `npm i 
baseline-browser-mapping@latest -D`
 Γ£ô Compiled successfully in 3.2s
   Running TypeScript ...
Failed to compile.

.next/types/validator.ts:126:31
Type error: Type 'typeof 
import("C:/Users/Mahab/OneDrive/Documents/mess 
project 2/src/app/api/menu/[id]/route")' does 
not satisfy the constraint 
'RouteHandlerConfig<"/api/menu/[id]">'.
  Types of property 'GET' are incompatible.
    Type '(request: NextRequest, { params }: { 
params: { id: string; }; }) => 
Promise<NextResponse<{ success: boolean; error: 
string; }> | NextResponse<{ success: boolean; 
data: any; }>>' is not assignable to type 
'(request: NextRequest, context: { params: 
Promise<{ id: string; }>; }) => void | Response 
| Promise<void | Response>'.
      Types of parameters '__1' and 'context' 
are incompatible.
        Type '{ params: Promise<{ id: string; 
}>; }' is not assignable to type '{ params: { 
id: string; }; }'.
          Types of property 'params' are 
incompatible.
            Property 'id' is missing in type 
'Promise<{ id: string; }>' but required in type 
'{ id: string; }'.

[0m [90m 124 |[39m   type 
__IsExpected[33m<[39m[33mSpecific[39m 
[36mextends[39m [33mRouteHandlerConfig[39m[3
3m<[39m[32m"/api/menu/[id]"[39m[33m>>[39m 
[33m=[39m [33mSpecific[39m
 [90m 125 |[39m   [36mconst[39m handler 
[33m=[39m {} [36mas[39m [36mtypeof[39m [36
mimport[39m([32m"../../src/app/api/menu/[id]/ro
ute.js"[39m)
[31m[1m>[22m[39m[90m 126 |[39m   type 
__Check [33m=[39m 
__IsExpected[33m<[39m[36mtypeof[39m 
handler[33m>[39m
 [90m     |[39m                               
[31m[1m^[22m[39m
 [90m 127 |[39m   [90m// @ts-ignore[39m
 [90m 128 |[39m   type __Unused [33m=[39m 
__Check
 [90m 129 |[39m }[0m
Next.js build worker exited with code: 1 and 
signal: null
