[dotenv@17.2.3] injecting env (5) from .env.local -- tip: ≡ƒöÉ prevent building .env in docker: https://dotenvx.com/prebuild

============================================================
≡ƒº¬ COMPREHENSIVE INTEGRATION TESTS
============================================================


≡ƒôï 1. TESTING ENVIRONMENT VARIABLES
------------------------------------------------------------
Γ£à MongoDB URI configured
   URI: mongodb+srv://mustaq_26:Mustaq...
Γ£à Cloudinary Cloud Name configured
   Cloud Name: dhpohcsx2
Γ£à Cloudinary API Key configured
   API Key: 396128111961322
Γ£à Cloudinary API Secret configured
   Secret: TMBOJrS-sl...

≡ƒùä∩╕Å  2. TESTING MONGODB CONNECTION
------------------------------------------------------------
Γ£à MongoDB connection established
   Connected to: test
Γ£à MongoDB ready state
   State: Connected
Γ£à Database collections accessible
   Found 1 collections: reviews

≡ƒÆ╛ 3. TESTING MONGODB WRITE/READ OPERATIONS
------------------------------------------------------------
Γ£à Create review in MongoDB
   Document ID: 692c20ececa33d46dc2e1e63
Γ£à Read review from MongoDB
   Found review: "This is a test review created by the integration t..."
Γ£à Count reviews in database
   Total reviews in DB: 5
Γ£à Delete test review
   Test review cleaned up successfully

Γÿü∩╕Å  4. TESTING CLOUDINARY CONFIGURATION
------------------------------------------------------------
Γ£à Cloudinary configuration
   Configured with cloud: dhpohcsx2

≡ƒôñ 5. TESTING CLOUDINARY IMAGE UPLOAD
------------------------------------------------------------
Γ£à Upload image to Cloudinary
   URL: https://res.cloudinary.com/dhpohcsx2/image/upload/v1764499694/test-integration/srb6hvslk7jsbvjdyxhz.png
Γ£à Cloudinary image public ID generated
   Public ID: test-integration/srb6hvslk7jsbvjdyxhz

≡ƒùæ∩╕Å  6. TESTING CLOUDINARY IMAGE DELETE
------------------------------------------------------------
Γ£à Delete image from Cloudinary
   Result: ok

≡ƒöä 7. TESTING END-TO-END INTEGRATION
------------------------------------------------------------
Γ£à Create review with Cloudinary image
   Review ID: 692c20f0eca33d46dc2e1e69, Image: https://res.cloudinary.com/dhpohcsx2/image/upload/v1764499695/mess-reviews/g4n52ptoa3k7aia7fqiw.png
Γ£à Cleanup E2E test data
   Removed test review and image

============================================================
≡ƒôè TEST RESULTS SUMMARY
============================================================
Total Tests: 17
Γ£à Passed: 17
Γ¥î Failed: 0
Success Rate: 100.0%
============================================================

≡ƒÄë ALL TESTS PASSED! Database and Cloudinary are working perfectly!

